[aliensix.com/particles-1.4/index.html]
[aliensix.com/particles-1.4/favicon.0.delayed]
[backblue.gif]
[fade.gif]
[index.html]
[ajax.googleapis.com/ajax/libs/jquery/2.1.3/jquery.min.js]
[aliensix.com/particles-1.4/js/royal_preloader.min.js]
[aliensix.com/particles-1.4/images/particles-default.png]
[aliensix.com/particles-1.4/HTML/index-default-particles.html]
[aliensix.com/particles-1.4/images/text-rotator.png]
[aliensix.com/particles-1.4/HTML/index-text-rotater.html]
[aliensix.com/particles-1.4/HTML/index-parallax-image.html]
[aliensix.com/particles-1.4/images/parallax-image.png]
[aliensix.com/particles-1.4/HTML/index-static-image.html]
[aliensix.com/particles-1.4/images/static-image.png]
[aliensix.com/particles-1.4/HTML/index-slider-revolution.html]
[aliensix.com/particles-1.4/images/slider-rev.png]
[aliensix.com/particles-1.4/HTML/index-register.html]
[aliensix.com/particles-1.4/images/register.png]
[aliensix.com/particles-1.4/HTML/index-bootstrap-carousel-fixed.html]
[aliensix.com/particles-1.4/images/carousel.png]
[aliensix.com/particles-1.4/HTML/components.html]
[aliensix.com/particles-1.4/images/components.png]
[aliensix.com/particles-1.4/HTML/team-options.html]
[aliensix.com/particles-1.4/images/team-options.png]
[aliensix.com/particles-1.4/HTML/pricing-options.html]
[aliensix.com/particles-1.4/images/pricing.png]
[aliensix.com/particles-1.4/HTML/coming-soon.html]
[aliensix.com/particles-1.4/images/coming-soon.png]
[aliensix.com/particles-1.4/HTML/ideology-static.html]
[aliensix.com/particles-1.4/images/ideology.png]
[aliensix.com/particles-1.4/HTML/work-2column.html]
[aliensix.com/particles-1.4/images/work-2col.png]
[aliensix.com/particles-1.4/images/work-3col.png]
[aliensix.com/particles-1.4/HTML/work-3column.html]
[aliensix.com/particles-1.4/HTML/work-4column.html]
[aliensix.com/particles-1.4/images/work-4col.png]
[aliensix.com/particles-1.4/HTML/work-2column-boxed.html]
[aliensix.com/particles-1.4/images/work-2col-boxed.png]
[aliensix.com/particles-1.4/HTML/work-3column-boxed.html]
[aliensix.com/particles-1.4/images/work-3col-boxed.png]
[aliensix.com/particles-1.4/HTML/footer-3column.html]
[aliensix.com/particles-1.4/images/footer-3col.png]
[aliensix.com/particles-1.4/HTML/footer-4column.html]
[aliensix.com/particles-1.4/images/footer-4col.png]
[aliensix.com/particles-1.4/HTML/footer-simple.html]
[aliensix.com/particles-1.4/images/footer-simple.png]
[aliensix.com/particles-1.4/index.html]
[aliensix.com/particles-1.4/favicon.html]
[aliensix.com/particles-1.4/css/royal_preloader.css]
[aliensix.com/particles-1.4/fonts/glyphicons-halflings-regular.eot]
[aliensix.com/particles-1.4/fonts/glyphicons-halflings-regular.woff2]
[aliensix.com/particles-1.4/fonts/glyphicons-halflings-regulard41d.eot]
[aliensix.com/particles-1.4/fonts/glyphicons-halflings-regular.woff]
[aliensix.com/particles-1.4/fonts/glyphicons-halflings-regular.ttf]
[aliensix.com/particles-1.4/css/bootstrap.min.css]
[aliensix.com/particles-1.4/css/style.css]
[aliensix.com/particles-1.4/images/header.jpg]
[aliensix.com/particles-1.4/HTML/js/parallax.min.js]
[aliensix.com/particles-1.4/HTML/js/royal_preloader.min.js]
[cdnjs.cloudflare.com/ajax/libs/jquery/3.1.0/jquery.min.js]
[aliensix.com/particles-1.4/index-2.html]
[aliensix.com/particles-1.4/HTML/images/placeholder.png]
[aliensix.com/particles-1.4/HTML/images/placeholder2.png]
[aliensix.com/particles-1.4/HTML/images/placeholder3.png]
[aliensix.com/particles-1.4/HTML/images/slider1.jpg]
[aliensix.com/particles-1.4/HTML/images/team-member-1.jpg]
[aliensix.com/particles-1.4/HTML/images/work/1.jpg]
[aliensix.com/particles-1.4/HTML/images/work/2.jpg]
[aliensix.com/particles-1.4/HTML/images/work/3.jpg]
[aliensix.com/particles-1.4/HTML/images/work/4.jpg]
[aliensix.com/particles-1.4/HTML/images/work/5.jpg]
[aliensix.com/particles-1.4/HTML/images/work/6.jpg]
[aliensix.com/particles-1.4/HTML/images/work/7.jpg]
[aliensix.com/particles-1.4/HTML/images/work/8.jpg]
[aliensix.com/particles-1.4/HTML/images/work/9.jpg]
[aliensix.com/particles-1.4/HTML/images/timeline-1.jpg]
[aliensix.com/particles-1.4/HTML/images/timeline-2.jpg]
[aliensix.com/particles-1.4/HTML/images/timeline-3.jpg]
[aliensix.com/particles-1.4/HTML/images/timeline-4.jpg]
[aliensix.com/particles-1.4/HTML/images/team-member-2.jpg]
[aliensix.com/particles-1.4/HTML/images/team-member-3.jpg]
[aliensix.com/particles-1.4/HTML/images/team-member-4.jpg]
[aliensix.com/particles-1.4/HTML/images/logos/coca.png]
[aliensix.com/particles-1.4/HTML/images/logos/ebay.png]
[aliensix.com/particles-1.4/HTML/images/logos/microsoft.png]
[aliensix.com/particles-1.4/HTML/images/logos/pepsi.png]
[aliensix.com/particles-1.4/HTML/js/bootstrap.min.js]
[aliensix.com/particles-1.4/HTML/js/particles.min.js]
[aliensix.com/particles-1.4/HTML/js/particlesRun.js]
[aliensix.com/particles-1.4/HTML/js/jquery.mixitup.js]
[aliensix.com/particles-1.4/HTML/js/form-validator.min.js]
[aliensix.com/particles-1.4/HTML/js/jquery.inview.min.js]
[aliensix.com/particles-1.4/HTML/js/jquery.countTo.js]
[aliensix.com/particles-1.4/HTML/js/jquery.magnific-popup.min.js]
[aliensix.com/particles-1.4/HTML/js/scrollreveal.min.js]
[aliensix.com/particles-1.4/HTML/js/style-switcher.js]
[aliensix.com/particles-1.4/HTML/js/main.js]
[aliensix.com/particles-1.4/HTML/index-default-particles.html]
[aliensix.com/particles-1.4/HTML/index-text-rotater.html]
[aliensix.com/particles-1.4/HTML/index-parallax-image.html]
[aliensix.com/particles-1.4/HTML/index-static-image.html]
[aliensix.com/particles-1.4/HTML/revolution/js/jquery.themepunch.tools.min.js]
[aliensix.com/particles-1.4/HTML/revolution/js/jquery.themepunch.revolution.min.js]
[aliensix.com/particles-1.4/HTML/revolution/js/extensions/revolution.extension.actions.min.js]
[aliensix.com/particles-1.4/HTML/revolution/js/extensions/revolution.extension.carousel.min.js]
[aliensix.com/particles-1.4/HTML/revolution/js/extensions/revolution.extension.kenburn.min.js]
[aliensix.com/particles-1.4/HTML/revolution/js/extensions/revolution.extension.layeranimation.min.js]
[aliensix.com/particles-1.4/HTML/revolution/js/extensions/revolution.extension.migration.min.js]
[aliensix.com/particles-1.4/HTML/revolution/js/extensions/revolution.extension.navigation.min.js]
[aliensix.com/particles-1.4/HTML/revolution/js/extensions/revolution.extension.parallax.min.js]
[aliensix.com/particles-1.4/HTML/revolution/js/extensions/revolution.extension.slideanims.min.js]
[aliensix.com/particles-1.4/HTML/revolution/js/extensions/revolution.extension.video.min.js]
[aliensix.com/particles-1.4/HTML/index-slider-revolution.html]
[aliensix.com/particles-1.4/HTML/index-register.html]
[aliensix.com/particles-1.4/HTML/images/small-slider1.jpg]
[aliensix.com/particles-1.4/HTML/images/small-slider2.jpg]
[aliensix.com/particles-1.4/HTML/index-bootstrap-carousel-fixed.html]
[aliensix.com/particles-1.4/HTML/index.7d.delayed]
[aliensix.com/particles-1.4/HTML/images/iconfonts-bg.jpg]
[aliensix.com/particles-1.4/HTML/images/icons.jpg]
[aliensix.com/particles-1.4/HTML/components.html]
[aliensix.com/particles-1.4/HTML/team-options.html]
[aliensix.com/particles-1.4/HTML/pricing-options.html]
[aliensix.com/particles-1.4/HTML/js/jquery.countdown.min.js]
[aliensix.com/particles-1.4/HTML/coming-soon.html]
[aliensix.com/particles-1.4/HTML/ideology-static.html]
[aliensix.com/particles-1.4/HTML/work-2column.html]
[aliensix.com/particles-1.4/HTML/work-3column.html]
[aliensix.com/particles-1.4/HTML/work-4column.html]
[aliensix.com/particles-1.4/HTML/work-2column-boxed.html]
[aliensix.com/particles-1.4/HTML/work-3column-boxed.html]
[aliensix.com/particles-1.4/HTML/footer-3column.html]
[aliensix.com/particles-1.4/HTML/footer-4column.html]
[aliensix.com/particles-1.4/HTML/footer-simple.html]
[aliensix.com/particles-1.4/fonts/glyphicons-halflings-regular.svg]
[aliensix.com/particles-1.4/HTML/css/royal_preloader.css]
[aliensix.com/particles-1.4/HTML/fonts/glyphicons-halflings-regular.eot]
[aliensix.com/particles-1.4/HTML/fonts/glyphicons-halflings-regular.woff2]
[aliensix.com/particles-1.4/HTML/fonts/glyphicons-halflings-regular.woff]
[aliensix.com/particles-1.4/HTML/fonts/glyphicons-halflings-regulard41d.eot]
[aliensix.com/particles-1.4/HTML/fonts/glyphicons-halflings-regular.ttf]
[aliensix.com/particles-1.4/HTML/css/bootstrap.min.css]
[aliensix.com/particles-1.4/HTML/fonts/ionicons28b5.eot]
[aliensix.com/particles-1.4/HTML/fonts/ionicons28b5.ttf]
[aliensix.com/particles-1.4/HTML/fonts/ionicons28b5.woff]
[aliensix.com/particles-1.4/HTML/css/ionicons.min.css]
[aliensix.com/particles-1.4/HTML/fonts/Pe-icon-7-strokebb1d.eot]
[aliensix.com/particles-1.4/HTML/fonts/Pe-icon-7-stroked41d.eot]
[aliensix.com/particles-1.4/HTML/fonts/Pe-icon-7-strokebb1d.woff]
[aliensix.com/particles-1.4/HTML/fonts/Pe-icon-7-strokebb1d.ttf]
[aliensix.com/particles-1.4/HTML/css/pe-icon-7-stroke.css]
[aliensix.com/particles-1.4/HTML/css/magnific-popup.css]
[aliensix.com/particles-1.4/HTML/css/logoiconfont.css]
[aliensix.com/particles-1.4/HTML/css/style.css]
[aliensix.com/particles-1.4/HTML/css/style-switcher.css]
[aliensix.com/particles-1.4/HTML/css/colors/blue.css]
[aliensix.com/particles-1.4/HTML/css/colors/green.css]
[aliensix.com/particles-1.4/HTML/css/colors/orange.css]
[aliensix.com/particles-1.4/HTML/css/colors/red.css]
[aliensix.com/particles-1.4/HTML/css/colors/orangelight.css]
[aliensix.com/particles-1.4/HTML/css/colors/pinkish.css]
[aliensix.com/particles-1.4/HTML/css/colors/seagul.css]
[aliensix.com/particles-1.4/HTML/css/base-light.css]
[aliensix.com/particles-1.4/index-2.html]
[aliensix.com/particles-1.4/HTML/images/arrow-bg-hover.png]
[aliensix.com/particles-1.4/HTML/images/team-member-2.jpg]
[aliensix.com/particles-1.4/HTML/images/team-member-3.jpg]
[aliensix.com/particles-1.4/HTML/revolution/fonts/revicons/revicons90c6.eot]
[aliensix.com/particles-1.4/HTML/revolution/fonts/revicons/revicons90c6.woff]
[aliensix.com/particles-1.4/HTML/revolution/fonts/revicons/revicons90c6.ttf]
[aliensix.com/particles-1.4/HTML/revolution/assets/gridtile.png]
[aliensix.com/particles-1.4/HTML/revolution/assets/gridtile_white.png]
[aliensix.com/particles-1.4/HTML/revolution/assets/gridtile_3x3.png]
[aliensix.com/particles-1.4/HTML/revolution/assets/gridtile_3x3_white.png]
[aliensix.com/particles-1.4/HTML/revolution/assets/coloredbg.png]
[aliensix.com/particles-1.4/HTML/revolution/assets/loader.gif]
[aliensix.com/particles-1.4/HTML/revolution/css/settings.css]
[aliensix.com/particles-1.4/HTML/revolution/css/layers.css]
[aliensix.com/particles-1.4/HTML/revolution/css/navigation.css]
[file.myfontastic.com/gC6yNbQq8CqvXgSqXQZAoH/fonts/1459824891.eot]
[file.myfontastic.com/gC6yNbQq8CqvXgSqXQZAoH/fonts/1459824891d41d.eot]
[file.myfontastic.com/gC6yNbQq8CqvXgSqXQZAoH/fonts/1459824891.woff]
[file.myfontastic.com/gC6yNbQq8CqvXgSqXQZAoH/fonts/1459824891.ttf]
[file.myfontastic.com/gC6yNbQq8CqvXgSqXQZAoH/icons.css]
[aliensix.com/particles-1.4/HTML/index.html]
[aliensix.com/particles-1.4/HTML/fonts/glyphicons-halflings-regular.svg]
[aliensix.com/particles-1.4/HTML/fonts/ionicons28b5.svg]
[aliensix.com/particles-1.4/HTML/fonts/Pe-icon-7-strokebb1d.svg]
[aliensix.com/particles-1.4/HTML/revolution/fonts/revicons/revicons90c6.svg]
[aliensix.com/particles-1.4/HTML/revolution/css/openhand.html]
[aliensix.com/particles-1.4/HTML/revolution/css/closedhand.html]
[file.myfontastic.com/gC6yNbQq8CqvXgSqXQZAoH/fonts/1459824891.svg]
